<pre class="shiki" style="background-color: var(--shiki-color-background, #fff)"><code><span class="line"><span style="color: #D73A49">&lt;?</span><span style="color: #005CC5">php</span><span style="color: #24292E"> </span><span style="color: #005CC5">echo</span><span style="color: #24292E"> </span><span style="color: #032F62">&quot;Hello World&quot;</span><span style="color: #24292E">; </span><span style="color: #D73A49">?&gt;</span></span></code></pre>