<pre class="shiki highlighted" style="background-color: var(--shiki-color-background, #2e3440ff)"><code><span class="line highlight"></span>
<span class="line highlight"><span style="color: #D8DEE9FF">        </span><span style="color: #81A1C1">&lt;?</span><span style="color: #D8DEE9FF">php</span></span>
<span class="line highlight"></span>
<span class="line highlight"><span style="color: #D8DEE9FF">        </span><span style="color: #81A1C1">echo</span><span style="color: #D8DEE9FF"> </span><span style="color: #ECEFF4">&#39;</span><span style="color: #A3BE8C">Hello World</span><span style="color: #ECEFF4">&#39;</span><span style="color: #81A1C1">;</span></span>
<span class="line"></span>
<span class="line"><span style="color: #D8DEE9FF">        </span><span style="color: #81A1C1">return</span><span style="color: #D8DEE9FF"> </span><span style="color: #81A1C1">null;</span></span>
<span class="line"><span style="color: #D8DEE9FF">    </span></span></code></pre>