<pre class="shiki" style="background-color: var(--shiki-color-background, #2e3440ff)"><code><span class="line"><span style="color: #D8DEE9">console</span><span style="color: #ECEFF4">.</span><span style="color: #88C0D0">log</span><span style="color: #D8DEE9FF">(</span><span style="color: #ECEFF4">&quot;</span><span style="color: #A3BE8C">Hello world</span><span style="color: #ECEFF4">&quot;</span><span style="color: #D8DEE9FF">)</span></span></code></pre>