<pre class="shiki" style="background-color: var(--shiki-color-background, #2e3440ff)"><code><span class="line"><span style="color: #D8DEE9FF">{{ </span><span style="color: #81A1C1">if</span><span style="color: #D8DEE9FF"> }} Hi there {{ </span><span style="color: #81A1C1">/if</span><span style="color: #D8DEE9FF"> }}</span></span></code></pre>