<pre class="shiki" style="background-color: var(--shiki-color-background, #2e3440ff)"><code><span class="line"><span style="color: #81A1C1">@if</span><span style="color: #D8DEE9FF">(</span><span style="color: #81A1C1">true</span><span style="color: #D8DEE9FF">) </span><span style="color: #81A1C1">{{</span><span style="color: #D8DEE9FF"> </span><span style="color: #ECEFF4">&quot;</span><span style="color: #A3BE8C">Hello world</span><span style="color: #ECEFF4">&quot;</span><span style="color: #D8DEE9FF"> </span><span style="color: #81A1C1">}}</span><span style="color: #D8DEE9FF"> </span><span style="color: #81A1C1">@endif</span></span></code></pre>