<pre class="shiki" style="background-color: var(--shiki-color-background, #fafafa)"><code><span class="line"><span style="color: #ED9366">&lt;?</span><span style="color: #4CBF99">php</span><span style="color: #575F66"> </span><span style="color: #F07171">echo</span><span style="color: #575F66"> </span><span style="color: #86B300">&quot;Hello World&quot;</span><span style="color: #575F66B3">;</span><span style="color: #575F66"> </span><span style="color: #ED9366">?&gt;</span></span></code></pre>